[debug] [2026-10-05T12:15:43.339Z] ----------------------------------------------------------------------
[debug] [2026-10-05T12:15:43.382Z] Command:       C:\Program Files\nodejs\node.exe C:\Users\MAF Tech\AppData\Roaming\npm\node_modules\firebase-tools\lib\bin\firebase.js deploy --only hosting --project hst-enterprises --config maintenance/deploy-build/firebase.deploy.json --non-interactive
[debug] [2026-10-05T12:15:43.383Z] CLI Version:   15.28.2
[debug] [2026-10-05T12:15:43.384Z] Platform:      win32
[debug] [2026-10-05T12:15:43.385Z] Node Version:  v25.9.0
[debug] [2026-10-05T12:15:43.386Z] Detected Agent: codex_cli
[debug] [2026-10-05T12:15:43.387Z] Time:          Mon Oct 05 2026 17:15:43 GMT+0500 (Pakistan Standard Time)
[debug] [2026-10-05T12:15:43.388Z] ----------------------------------------------------------------------
[debug] 
[debug] [2026-10-05T12:15:49.837Z] > command requires scopes: ["email","openid","https://www.googleapis.com/auth/cloudplatformprojects.readonly","https://www.googleapis.com/auth/firebase","https://www.googleapis.com/auth/cloud-platform"]
[debug] [2026-10-05T12:15:49.839Z] > authorizing via signed-in user (hstenterprisespk@gmail.com)
[debug] [2026-10-05T12:15:49.839Z] [iam] checking project hst-enterprises for permissions ["firebase.projects.get","firebasehosting.sites.update"]
[debug] [2026-10-05T12:15:49.976Z] Checked if tokens are valid: false, expires at: 1791156455529
[debug] [2026-10-05T12:15:49.977Z] Checked if tokens are valid: false, expires at: 1791156455529
[debug] [2026-10-05T12:15:49.994Z] > refreshing access token with scopes: []
[debug] [2026-10-05T12:15:50.007Z] >>> [apiv2][query] POST https://www.googleapis.com/oauth2/v3/token [none]
[debug] [2026-10-05T12:15:50.007Z] >>> [apiv2][body] POST https://www.googleapis.com/oauth2/v3/token [omitted]
[debug] [2026-10-05T12:15:50.644Z] <<< [apiv2][status] POST https://www.googleapis.com/oauth2/v3/token 200
[debug] [2026-10-05T12:15:50.645Z] <<< [apiv2][body] POST https://www.googleapis.com/oauth2/v3/token [omitted]
[debug] [2026-10-05T12:15:50.688Z] >>> [apiv2][query] POST https://cloudresourcemanager.googleapis.com/v1/projects/hst-enterprises:testIamPermissions [none]
[debug] [2026-10-05T12:15:50.689Z] >>> [apiv2][(partial)header] POST https://cloudresourcemanager.googleapis.com/v1/projects/hst-enterprises:testIamPermissions  x-goog-user-project=hst-enterprises
[debug] [2026-10-05T12:15:50.689Z] >>> [apiv2][body] POST https://cloudresourcemanager.googleapis.com/v1/projects/hst-enterprises:testIamPermissions {"permissions":["firebase.projects.get","firebasehosting.sites.update"]}
[debug] [2026-10-05T12:15:52.228Z] <<< [apiv2][status] POST https://cloudresourcemanager.googleapis.com/v1/projects/hst-enterprises:testIamPermissions 200
[debug] [2026-10-05T12:15:52.229Z] <<< [apiv2][body] POST https://cloudresourcemanager.googleapis.com/v1/projects/hst-enterprises:testIamPermissions {"permissions":["firebase.projects.get","firebasehosting.sites.update"]}
[debug] [2026-10-05T12:15:52.231Z] Checked if tokens are valid: true, expires at: 1791206149645
[debug] [2026-10-05T12:15:52.232Z] Checked if tokens are valid: true, expires at: 1791206149645
[debug] [2026-10-05T12:15:52.232Z] >>> [apiv2][query] GET https://firebase.googleapis.com/v1beta1/projects/hst-enterprises [none]
[debug] [2026-10-05T12:15:52.968Z] <<< [apiv2][status] GET https://firebase.googleapis.com/v1beta1/projects/hst-enterprises 200
[debug] [2026-10-05T12:15:52.968Z] <<< [apiv2][body] GET https://firebase.googleapis.com/v1beta1/projects/hst-enterprises {"projectId":"hst-enterprises","projectNumber":"12818053978","displayName":"hst-enterprises","name":"projects/hst-enterprises","resources":{"hostingSite":"hst-enterprises"},"state":"ACTIVE","labels":{"firebase":"enabled"},"etag":"1_d20a72c6-d0ae-4fd3-b7a0-52db76a23bda"}
[info] 
[info] === Deploying to 'hst-enterprises'...
[info] 
[info] i  deploying hosting 
[debug] [2026-10-05T12:15:52.978Z] Checked if tokens are valid: true, expires at: 1791206149645
[debug] [2026-10-05T12:15:52.978Z] Checked if tokens are valid: true, expires at: 1791206149645
[debug] [2026-10-05T12:15:52.979Z] >>> [apiv2][query] GET https://firebasehosting.googleapis.com/v1beta1/projects/hst-enterprises/sites/hst-enterprises [none]
[debug] [2026-10-05T12:15:55.110Z] <<< [apiv2][status] GET https://firebasehosting.googleapis.com/v1beta1/projects/hst-enterprises/sites/hst-enterprises 200
[debug] [2026-10-05T12:15:55.110Z] <<< [apiv2][body] GET https://firebasehosting.googleapis.com/v1beta1/projects/hst-enterprises/sites/hst-enterprises {"name":"projects/hst-enterprises/sites/hst-enterprises","defaultUrl":"https://hst-enterprises.web.app","appId":"1:12818053978:web:361aa441fc0ea43e5e9163","type":"DEFAULT_SITE"}
[debug] [2026-10-05T12:15:55.121Z] Checked if tokens are valid: true, expires at: 1791206149645
[debug] [2026-10-05T12:15:55.121Z] Checked if tokens are valid: true, expires at: 1791206149645
[debug] [2026-10-05T12:15:55.123Z] >>> [apiv2][query] POST https://firebasehosting.googleapis.com/v1beta1/projects/-/sites/hst-enterprises/versions [none]
[debug] [2026-10-05T12:15:55.124Z] >>> [apiv2][body] POST https://firebasehosting.googleapis.com/v1beta1/projects/-/sites/hst-enterprises/versions {"status":"CREATED","labels":{"deployment-tool":"cli-firebase"}}
[debug] [2026-10-05T12:15:57.242Z] <<< [apiv2][status] POST https://firebasehosting.googleapis.com/v1beta1/projects/-/sites/hst-enterprises/versions 200
[debug] [2026-10-05T12:15:57.242Z] <<< [apiv2][body] POST https://firebasehosting.googleapis.com/v1beta1/projects/-/sites/hst-enterprises/versions {"name":"projects/12818053978/sites/hst-enterprises/versions/63c9d75e5259e8f8","status":"CREATED","config":{},"labels":{"deployment-tool":"cli-firebase"}}
[info] i  hosting[hst-enterprises]: beginning deploy... 
[info] i  hosting[hst-enterprises]: found 9 files in dist 
[debug] [2026-10-05T12:15:57.275Z] [hosting] uploading with 200 concurrency
[debug] [2026-10-05T12:15:57.279Z] [hosting] hash cache [ZGlzdA] not populated
[debug] [2026-10-05T12:15:57.403Z] Checked if tokens are valid: true, expires at: 1791206149645
[debug] [2026-10-05T12:15:57.404Z] Checked if tokens are valid: true, expires at: 1791206149645
[debug] [2026-10-05T12:15:57.409Z] [hosting] hash cache [ZGlzdA] stored for 9 files
[debug] [2026-10-05T12:15:57.410Z] [hosting][hash queue][FINAL] {"max":113,"min":20,"avg":39.22222222222222,"active":0,"complete":9,"success":9,"errored":0,"retried":0,"total":9,"elapsed":128}
[debug] [2026-10-05T12:15:57.411Z] >>> [apiv2][query] POST https://firebasehosting.googleapis.com/v1beta1/projects/12818053978/sites/hst-enterprises/versions/63c9d75e5259e8f8:populateFiles [none]
[debug] [2026-10-05T12:15:57.411Z] >>> [apiv2][body] POST https://firebasehosting.googleapis.com/v1beta1/projects/12818053978/sites/hst-enterprises/versions/63c9d75e5259e8f8:populateFiles {"files":{"/HST_logo.png":"75a8664edeef76ec1509c82d98cc1c10fa1e80924fe64ee53691ee7d1f3d26c4","/assets/purify.es-DBIK8olT.js":"93d200e40760f85592237d73f0b60dc2c47e1c8e426e85b0724e6c980556775e","/assets/index-Wb9ncQj1.css":"0db9a4b7f69064a744975b512af91be23e0d0065fc26f10364d6ac57e6aa4cd4","/Authorized_sign.png":"9028bfca5cd2661390d5c1731a63702963e943737879abae1b66059ed135256d","/assets/index.es-ClgrrXXh.js":"cb24955d6304f770adb787ad27eb52fb9e979daad71023c3d82f74f0f0398676","/HST_Stamp.png":"deb8a398f9e6a1c867f889e4cac7c879de828437d17db7b921e58da4b347de50","/assets/html2canvas.esm-QH1iLAAe.js":"f11fa059b23162cd079f9be9c5b6c29237e7393fcab5d04c6f2b2ac5bd7a38b3","/index.html":"c97a3a8f98417d19e6df8c2722541a56ed7df73cd0220ebe294eefe7772b7b13","/assets/index-DYbjX3FL.js":"150aac972418a22ac855fc75ba395c836061dd3679ea95d55c9a297427618ab4"}}
[info] i  hosting: adding files to version [0/9] (0%) 
[debug] [2026-10-05T12:15:59.704Z] <<< [apiv2][status] POST https://firebasehosting.googleapis.com/v1beta1/projects/12818053978/sites/hst-enterprises/versions/63c9d75e5259e8f8:populateFiles 200
[debug] [2026-10-05T12:15:59.704Z] <<< [apiv2][body] POST https://firebasehosting.googleapis.com/v1beta1/projects/12818053978/sites/hst-enterprises/versions/63c9d75e5259e8f8:populateFiles {"uploadRequiredHashes":["c97a3a8f98417d19e6df8c2722541a56ed7df73cd0220ebe294eefe7772b7b13","93d200e40760f85592237d73f0b60dc2c47e1c8e426e85b0724e6c980556775e","cb24955d6304f770adb787ad27eb52fb9e979daad71023c3d82f74f0f0398676","150aac972418a22ac855fc75ba395c836061dd3679ea95d55c9a297427618ab4"],"uploadUrl":"https://upload-firebasehosting.googleapis.com/upload/sites/hst-enterprises/versions/63c9d75e5259e8f8/files"}
[debug] [2026-10-05T12:15:59.705Z] Checked if tokens are valid: true, expires at: 1791206149645
[debug] [2026-10-05T12:15:59.706Z] Checked if tokens are valid: true, expires at: 1791206149645
[debug] [2026-10-05T12:15:59.707Z] Checked if tokens are valid: true, expires at: 1791206149645
[debug] [2026-10-05T12:15:59.707Z] Checked if tokens are valid: true, expires at: 1791206149645
[debug] [2026-10-05T12:15:59.708Z] Checked if tokens are valid: true, expires at: 1791206149645
[debug] [2026-10-05T12:15:59.708Z] Checked if tokens are valid: true, expires at: 1791206149645
[debug] [2026-10-05T12:15:59.708Z] Checked if tokens are valid: true, expires at: 1791206149645
[debug] [2026-10-05T12:15:59.708Z] Checked if tokens are valid: true, expires at: 1791206149645
[debug] [2026-10-05T12:15:59.709Z] >>> [apiv2][query] POST https://upload-firebasehosting.googleapis.com/upload/sites/hst-enterprises/versions/63c9d75e5259e8f8/files/c97a3a8f98417d19e6df8c2722541a56ed7df73cd0220ebe294eefe7772b7b13 [none]
[debug] [2026-10-05T12:15:59.709Z] >>> [apiv2][body] POST https://upload-firebasehosting.googleapis.com/upload/sites/hst-enterprises/versions/63c9d75e5259e8f8/files/c97a3a8f98417d19e6df8c2722541a56ed7df73cd0220ebe294eefe7772b7b13 [stream]
[debug] [2026-10-05T12:15:59.710Z] >>> [apiv2][query] POST https://upload-firebasehosting.googleapis.com/upload/sites/hst-enterprises/versions/63c9d75e5259e8f8/files/93d200e40760f85592237d73f0b60dc2c47e1c8e426e85b0724e6c980556775e [none]
[debug] [2026-10-05T12:15:59.711Z] >>> [apiv2][body] POST https://upload-firebasehosting.googleapis.com/upload/sites/hst-enterprises/versions/63c9d75e5259e8f8/files/93d200e40760f85592237d73f0b60dc2c47e1c8e426e85b0724e6c980556775e [stream]
[debug] [2026-10-05T12:15:59.712Z] >>> [apiv2][query] POST https://upload-firebasehosting.googleapis.com/upload/sites/hst-enterprises/versions/63c9d75e5259e8f8/files/cb24955d6304f770adb787ad27eb52fb9e979daad71023c3d82f74f0f0398676 [none]
[debug] [2026-10-05T12:15:59.713Z] >>> [apiv2][body] POST https://upload-firebasehosting.googleapis.com/upload/sites/hst-enterprises/versions/63c9d75e5259e8f8/files/cb24955d6304f770adb787ad27eb52fb9e979daad71023c3d82f74f0f0398676 [stream]
[debug] [2026-10-05T12:15:59.715Z] >>> [apiv2][query] POST https://upload-firebasehosting.googleapis.com/upload/sites/hst-enterprises/versions/63c9d75e5259e8f8/files/150aac972418a22ac855fc75ba395c836061dd3679ea95d55c9a297427618ab4 [none]
[debug] [2026-10-05T12:15:59.715Z] >>> [apiv2][body] POST https://upload-firebasehosting.googleapis.com/upload/sites/hst-enterprises/versions/63c9d75e5259e8f8/files/150aac972418a22ac855fc75ba395c836061dd3679ea95d55c9a297427618ab4 [stream]
[debug] [2026-10-05T12:15:59.722Z] [hosting][populate queue][FINAL] {"max":2306,"min":2306,"avg":2306,"active":0,"complete":1,"success":1,"errored":0,"retried":0,"total":1,"elapsed":2319}
[debug] [2026-10-05T12:15:59.722Z] [hosting] uploads queued: 4
[debug] [2026-10-05T12:16:01.168Z] <<< [apiv2][status] POST https://upload-firebasehosting.googleapis.com/upload/sites/hst-enterprises/versions/63c9d75e5259e8f8/files/93d200e40760f85592237d73f0b60dc2c47e1c8e426e85b0724e6c980556775e 200
[debug] [2026-10-05T12:16:01.168Z] <<< [apiv2][body] POST https://upload-firebasehosting.googleapis.com/upload/sites/hst-enterprises/versions/63c9d75e5259e8f8/files/93d200e40760f85592237d73f0b60dc2c47e1c8e426e85b0724e6c980556775e [stream]
[info] i  hosting: uploading new files [1/4] (25%) 
[debug] [2026-10-05T12:16:01.308Z] <<< [apiv2][status] POST https://upload-firebasehosting.googleapis.com/upload/sites/hst-enterprises/versions/63c9d75e5259e8f8/files/c97a3a8f98417d19e6df8c2722541a56ed7df73cd0220ebe294eefe7772b7b13 200
[debug] [2026-10-05T12:16:01.308Z] <<< [apiv2][body] POST https://upload-firebasehosting.googleapis.com/upload/sites/hst-enterprises/versions/63c9d75e5259e8f8/files/c97a3a8f98417d19e6df8c2722541a56ed7df73cd0220ebe294eefe7772b7b13 [stream]
[debug] [2026-10-05T12:16:01.668Z] <<< [apiv2][status] POST https://upload-firebasehosting.googleapis.com/upload/sites/hst-enterprises/versions/63c9d75e5259e8f8/files/cb24955d6304f770adb787ad27eb52fb9e979daad71023c3d82f74f0f0398676 200
[debug] [2026-10-05T12:16:01.668Z] <<< [apiv2][body] POST https://upload-firebasehosting.googleapis.com/upload/sites/hst-enterprises/versions/63c9d75e5259e8f8/files/cb24955d6304f770adb787ad27eb52fb9e979daad71023c3d82f74f0f0398676 [stream]
[debug] [2026-10-05T12:16:01.828Z] <<< [apiv2][status] POST https://upload-firebasehosting.googleapis.com/upload/sites/hst-enterprises/versions/63c9d75e5259e8f8/files/150aac972418a22ac855fc75ba395c836061dd3679ea95d55c9a297427618ab4 200
[debug] [2026-10-05T12:16:01.829Z] <<< [apiv2][body] POST https://upload-firebasehosting.googleapis.com/upload/sites/hst-enterprises/versions/63c9d75e5259e8f8/files/150aac972418a22ac855fc75ba395c836061dd3679ea95d55c9a297427618ab4 [stream]
[debug] [2026-10-05T12:16:01.830Z] [hosting][upload queue][FINAL] {"max":2121,"min":1462,"avg":1787,"active":0,"complete":4,"success":4,"errored":0,"retried":0,"total":4,"elapsed":2125}
[info] i  hosting: upload complete 
[info] +  hosting[hst-enterprises]: file upload complete 
[debug] [2026-10-05T12:16:01.831Z] [hosting] deploy completed after 4583ms
[debug] [2026-10-05T12:16:01.833Z] [
  {
    "config": {
      "public": "dist",
      "ignore": [
        "firebase.json",
        "**/.*",
        "**/node_modules/**"
      ],
      "rewrites": [
        {
          "source": "**",
          "destination": "/index.html"
        }
      ],
      "site": "hst-enterprises"
    },
    "version": "projects/12818053978/sites/hst-enterprises/versions/63c9d75e5259e8f8"
  }
]
[info] i  hosting[hst-enterprises]: finalizing version... 
[debug] [2026-10-05T12:16:01.838Z] Checked if tokens are valid: true, expires at: 1791206149645
[debug] [2026-10-05T12:16:01.839Z] Checked if tokens are valid: true, expires at: 1791206149645
[debug] [2026-10-05T12:16:01.840Z] >>> [apiv2][query] PATCH https://firebasehosting.googleapis.com/v1beta1/projects/-/sites/hst-enterprises/versions/63c9d75e5259e8f8 updateMask=status%2Cconfig
[debug] [2026-10-05T12:16:01.840Z] >>> [apiv2][body] PATCH https://firebasehosting.googleapis.com/v1beta1/projects/-/sites/hst-enterprises/versions/63c9d75e5259e8f8 {"status":"FINALIZED","config":{"rewrites":[{"glob":"**","path":"/index.html"}]}}
[debug] [2026-10-05T12:16:03.265Z] <<< [apiv2][status] PATCH https://firebasehosting.googleapis.com/v1beta1/projects/-/sites/hst-enterprises/versions/63c9d75e5259e8f8 200
[debug] [2026-10-05T12:16:03.265Z] <<< [apiv2][body] PATCH https://firebasehosting.googleapis.com/v1beta1/projects/-/sites/hst-enterprises/versions/63c9d75e5259e8f8 {"name":"projects/12818053978/sites/hst-enterprises/versions/63c9d75e5259e8f8","status":"FINALIZED","config":{"rewrites":[{"glob":"**","path":"/index.html"}]},"labels":{"deployment-tool":"cli-firebase"},"createTime":"2026-10-05T12:15:54.998696Z","createUser":{"email":"hstenterprisespk@gmail.com"},"finalizeTime":"2026-10-05T12:16:02.372052Z","finalizeUser":{"email":"hstenterprisespk@gmail.com"}}
[debug] [2026-10-05T12:16:03.265Z] [hosting] finalized version for hst-enterprises:[object Object]
[info] +  hosting[hst-enterprises]: version finalized 
[info] i  hosting[hst-enterprises]: releasing new version... 
[debug] [2026-10-05T12:16:03.266Z] Checked if tokens are valid: true, expires at: 1791206149645
[debug] [2026-10-05T12:16:03.267Z] Checked if tokens are valid: true, expires at: 1791206149645
[debug] [2026-10-05T12:16:03.267Z] >>> [apiv2][query] POST https://firebasehosting.googleapis.com/v1beta1/projects/-/sites/hst-enterprises/channels/live/releases versionName=projects%2F12818053978%2Fsites%2Fhst-enterprises%2Fversions%2F63c9d75e5259e8f8
[debug] [2026-10-05T12:16:03.268Z] >>> [apiv2][body] POST https://firebasehosting.googleapis.com/v1beta1/projects/-/sites/hst-enterprises/channels/live/releases {}
[debug] [2026-10-05T12:16:04.822Z] <<< [apiv2][status] POST https://firebasehosting.googleapis.com/v1beta1/projects/-/sites/hst-enterprises/channels/live/releases 200
[debug] [2026-10-05T12:16:04.823Z] <<< [apiv2][body] POST https://firebasehosting.googleapis.com/v1beta1/projects/-/sites/hst-enterprises/channels/live/releases {"name":"projects/12818053978/sites/hst-enterprises/channels/live/releases/1791202562940000","version":{"name":"projects/12818053978/sites/hst-enterprises/versions/63c9d75e5259e8f8","status":"FINALIZED","config":{"rewrites":[{"glob":"**","path":"/index.html"}]},"labels":{"deployment-tool":"cli-firebase"},"createTime":"2026-10-05T12:15:54.998696Z","createUser":{"email":"hstenterprisespk@gmail.com","imageUrl":"https://lh3.googleusercontent.com/a/ACg8ocK0ZQmo4BGkZOJY15G1klG7IPmSrzwEi7ohFAd-ldgeb0C_E84"},"finalizeTime":"2026-10-05T12:16:02.372052Z","finalizeUser":{"email":"hstenterprisespk@gmail.com","imageUrl":"https://lh3.googleusercontent.com/a/ACg8ocK0ZQmo4BGkZOJY15G1klG7IPmSrzwEi7ohFAd-ldgeb0C_E84"}},"type":"DEPLOY","releaseTime":"2026-10-05T12:16:02.940Z","releaseUser":{"email":"hstenterprisespk@gmail.com","imageUrl":"https://lh3.googleusercontent.com/a/ACg8ocK0ZQmo4BGkZOJY15G1klG7IPmSrzwEi7ohFAd-ldgeb0C_E84"}}
[debug] [2026-10-05T12:16:04.823Z] [hosting] release: {"name":"projects/12818053978/sites/hst-enterprises/channels/live/releases/1791202562940000","version":{"name":"projects/12818053978/sites/hst-enterprises/versions/63c9d75e5259e8f8","status":"FINALIZED","config":{"rewrites":[{"glob":"**","path":"/index.html"}]},"labels":{"deployment-tool":"cli-firebase"},"createTime":"2026-10-05T12:15:54.998696Z","createUser":{"email":"hstenterprisespk@gmail.com","imageUrl":"https://lh3.googleusercontent.com/a/ACg8ocK0ZQmo4BGkZOJY15G1klG7IPmSrzwEi7ohFAd-ldgeb0C_E84"},"finalizeTime":"2026-10-05T12:16:02.372052Z","finalizeUser":{"email":"hstenterprisespk@gmail.com","imageUrl":"https://lh3.googleusercontent.com/a/ACg8ocK0ZQmo4BGkZOJY15G1klG7IPmSrzwEi7ohFAd-ldgeb0C_E84"}},"type":"DEPLOY","releaseTime":"2026-10-05T12:16:02.940Z","releaseUser":{"email":"hstenterprisespk@gmail.com","imageUrl":"https://lh3.googleusercontent.com/a/ACg8ocK0ZQmo4BGkZOJY15G1klG7IPmSrzwEi7ohFAd-ldgeb0C_E84"}}
[info] +  hosting[hst-enterprises]: release complete 
[info] 
[info] +  Deploy complete! 
[info] 
[info] Project Console: https://console.firebase.google.com/project/hst-enterprises/overview
[info] Hosting URL: https://hst-enterprises.web.app
[debug] [2026-10-05T12:26:55.014Z] ----------------------------------------------------------------------
[debug] [2026-10-05T12:26:55.028Z] Command:       C:\Program Files\nodejs\node.exe C:\Users\MAF Tech\AppData\Roaming\npm\node_modules\firebase-tools\lib\bin\firebase.js deploy --only hosting --project hst-enterprises --config maintenance/deploy-build/firebase.deploy.json --non-interactive
[debug] [2026-10-05T12:26:55.029Z] CLI Version:   15.28.2
[debug] [2026-10-05T12:26:55.030Z] Platform:      win32
[debug] [2026-10-05T12:26:55.030Z] Node Version:  v25.9.0
[debug] [2026-10-05T12:26:55.034Z] Detected Agent: codex_cli
[debug] [2026-10-05T12:26:55.034Z] Time:          Mon Oct 05 2026 17:26:55 GMT+0500 (Pakistan Standard Time)
[debug] [2026-10-05T12:26:55.035Z] ----------------------------------------------------------------------
[debug] 
[debug] [2026-10-05T12:26:59.182Z] > command requires scopes: ["email","openid","https://www.googleapis.com/auth/cloudplatformprojects.readonly","https://www.googleapis.com/auth/firebase","https://www.googleapis.com/auth/cloud-platform"]
[debug] [2026-10-05T12:26:59.182Z] > authorizing via signed-in user (hstenterprisespk@gmail.com)
[debug] [2026-10-05T12:26:59.183Z] [iam] checking project hst-enterprises for permissions ["firebase.projects.get","firebasehosting.sites.update"]
[debug] [2026-10-05T12:26:59.216Z] Checked if tokens are valid: true, expires at: 1791206149645
[debug] [2026-10-05T12:26:59.217Z] Checked if tokens are valid: true, expires at: 1791206149645
[debug] [2026-10-05T12:26:59.220Z] >>> [apiv2][query] POST https://cloudresourcemanager.googleapis.com/v1/projects/hst-enterprises:testIamPermissions [none]
[debug] [2026-10-05T12:26:59.221Z] >>> [apiv2][(partial)header] POST https://cloudresourcemanager.googleapis.com/v1/projects/hst-enterprises:testIamPermissions  x-goog-user-project=hst-enterprises
[debug] [2026-10-05T12:26:59.222Z] >>> [apiv2][body] POST https://cloudresourcemanager.googleapis.com/v1/projects/hst-enterprises:testIamPermissions {"permissions":["firebase.projects.get","firebasehosting.sites.update"]}
[debug] [2026-10-05T12:27:00.957Z] <<< [apiv2][status] POST https://cloudresourcemanager.googleapis.com/v1/projects/hst-enterprises:testIamPermissions 200
[debug] [2026-10-05T12:27:00.958Z] <<< [apiv2][body] POST https://cloudresourcemanager.googleapis.com/v1/projects/hst-enterprises:testIamPermissions {"permissions":["firebase.projects.get","firebasehosting.sites.update"]}
[debug] [2026-10-05T12:27:00.961Z] Checked if tokens are valid: true, expires at: 1791206149645
[debug] [2026-10-05T12:27:00.961Z] Checked if tokens are valid: true, expires at: 1791206149645
[debug] [2026-10-05T12:27:00.962Z] >>> [apiv2][query] GET https://firebase.googleapis.com/v1beta1/projects/hst-enterprises [none]
[debug] [2026-10-05T12:27:01.887Z] <<< [apiv2][status] GET https://firebase.googleapis.com/v1beta1/projects/hst-enterprises 200
[debug] [2026-10-05T12:27:01.887Z] <<< [apiv2][body] GET https://firebase.googleapis.com/v1beta1/projects/hst-enterprises {"projectId":"hst-enterprises","projectNumber":"12818053978","displayName":"hst-enterprises","name":"projects/hst-enterprises","resources":{"hostingSite":"hst-enterprises"},"state":"ACTIVE","labels":{"firebase":"enabled"},"etag":"1_d20a72c6-d0ae-4fd3-b7a0-52db76a23bda"}
[info] 
[info] === Deploying to 'hst-enterprises'...
[info] 
[info] i  deploying hosting 
[debug] [2026-10-05T12:27:01.902Z] Checked if tokens are valid: true, expires at: 1791206149645
[debug] [2026-10-05T12:27:01.902Z] Checked if tokens are valid: true, expires at: 1791206149645
[debug] [2026-10-05T12:27:01.903Z] >>> [apiv2][query] GET https://firebasehosting.googleapis.com/v1beta1/projects/hst-enterprises/sites/hst-enterprises [none]
[debug] [2026-10-05T12:27:04.171Z] <<< [apiv2][status] GET https://firebasehosting.googleapis.com/v1beta1/projects/hst-enterprises/sites/hst-enterprises 200
[debug] [2026-10-05T12:27:04.172Z] <<< [apiv2][body] GET https://firebasehosting.googleapis.com/v1beta1/projects/hst-enterprises/sites/hst-enterprises {"name":"projects/hst-enterprises/sites/hst-enterprises","defaultUrl":"https://hst-enterprises.web.app","appId":"1:12818053978:web:361aa441fc0ea43e5e9163","type":"DEFAULT_SITE"}
[debug] [2026-10-05T12:27:04.188Z] Checked if tokens are valid: true, expires at: 1791206149645
[debug] [2026-10-05T12:27:04.189Z] Checked if tokens are valid: true, expires at: 1791206149645
[debug] [2026-10-05T12:27:04.193Z] >>> [apiv2][query] POST https://firebasehosting.googleapis.com/v1beta1/projects/-/sites/hst-enterprises/versions [none]
[debug] [2026-10-05T12:27:04.194Z] >>> [apiv2][body] POST https://firebasehosting.googleapis.com/v1beta1/projects/-/sites/hst-enterprises/versions {"status":"CREATED","labels":{"deployment-tool":"cli-firebase"}}
[debug] [2026-10-05T12:27:06.390Z] <<< [apiv2][status] POST https://firebasehosting.googleapis.com/v1beta1/projects/-/sites/hst-enterprises/versions 200
[debug] [2026-10-05T12:27:06.390Z] <<< [apiv2][body] POST https://firebasehosting.googleapis.com/v1beta1/projects/-/sites/hst-enterprises/versions {"name":"projects/12818053978/sites/hst-enterprises/versions/d413c73954d683cf","status":"CREATED","config":{},"labels":{"deployment-tool":"cli-firebase"}}
[info] i  hosting[hst-enterprises]: beginning deploy... 
[info] i  hosting[hst-enterprises]: found 9 files in dist 
[debug] [2026-10-05T12:27:06.447Z] [hosting] uploading with 200 concurrency
[debug] [2026-10-05T12:27:06.763Z] Checked if tokens are valid: true, expires at: 1791206149645
[debug] [2026-10-05T12:27:06.763Z] Checked if tokens are valid: true, expires at: 1791206149645
[debug] [2026-10-05T12:27:06.766Z] [hosting] hash cache [ZGlzdA] stored for 9 files
[debug] [2026-10-05T12:27:06.767Z] [hosting][hash queue][FINAL] {"max":289,"min":45,"avg":96,"active":0,"complete":9,"success":9,"errored":0,"retried":0,"total":9,"elapsed":301}
[debug] [2026-10-05T12:27:06.768Z] >>> [apiv2][query] POST https://firebasehosting.googleapis.com/v1beta1/projects/12818053978/sites/hst-enterprises/versions/d413c73954d683cf:populateFiles [none]
[debug] [2026-10-05T12:27:06.769Z] >>> [apiv2][body] POST https://firebasehosting.googleapis.com/v1beta1/projects/12818053978/sites/hst-enterprises/versions/d413c73954d683cf:populateFiles {"files":{"/index.html":"455d0f84f920dc77eca09e6f1651287e4797b0758fe1b5dcc7e553e27859a0ca","/assets/purify.es-DBIK8olT.js":"93d200e40760f85592237d73f0b60dc2c47e1c8e426e85b0724e6c980556775e","/HST_logo.png":"75a8664edeef76ec1509c82d98cc1c10fa1e80924fe64ee53691ee7d1f3d26c4","/assets/index-Wb9ncQj1.css":"0db9a4b7f69064a744975b512af91be23e0d0065fc26f10364d6ac57e6aa4cd4","/Authorized_sign.png":"9028bfca5cd2661390d5c1731a63702963e943737879abae1b66059ed135256d","/assets/index.es-ELfqsr0r.js":"b85f2be6662eb3c8f15afbe35f464b96c0debce658965de2211b5249b669e816","/assets/html2canvas.esm-QH1iLAAe.js":"f11fa059b23162cd079f9be9c5b6c29237e7393fcab5d04c6f2b2ac5bd7a38b3","/HST_Stamp.png":"deb8a398f9e6a1c867f889e4cac7c879de828437d17db7b921e58da4b347de50","/assets/index-DBC485v1.js":"6a3c20dd6500061253715032fe644bf29217a32ce8a15eb4a597c7308d16d24c"}}
[debug] [2026-10-05T12:27:08.129Z] <<< [apiv2][status] POST https://firebasehosting.googleapis.com/v1beta1/projects/12818053978/sites/hst-enterprises/versions/d413c73954d683cf:populateFiles 200
[debug] [2026-10-05T12:27:08.129Z] <<< [apiv2][body] POST https://firebasehosting.googleapis.com/v1beta1/projects/12818053978/sites/hst-enterprises/versions/d413c73954d683cf:populateFiles {"uploadRequiredHashes":["b85f2be6662eb3c8f15afbe35f464b96c0debce658965de2211b5249b669e816","6a3c20dd6500061253715032fe644bf29217a32ce8a15eb4a597c7308d16d24c","455d0f84f920dc77eca09e6f1651287e4797b0758fe1b5dcc7e553e27859a0ca"],"uploadUrl":"https://upload-firebasehosting.googleapis.com/upload/sites/hst-enterprises/versions/d413c73954d683cf/files"}
[debug] [2026-10-05T12:27:08.131Z] Checked if tokens are valid: true, expires at: 1791206149645
[debug] [2026-10-05T12:27:08.132Z] Checked if tokens are valid: true, expires at: 1791206149645
[debug] [2026-10-05T12:27:08.133Z] Checked if tokens are valid: true, expires at: 1791206149645
[debug] [2026-10-05T12:27:08.133Z] Checked if tokens are valid: true, expires at: 1791206149645
[debug] [2026-10-05T12:27:08.134Z] Checked if tokens are valid: true, expires at: 1791206149645
[debug] [2026-10-05T12:27:08.134Z] Checked if tokens are valid: true, expires at: 1791206149645
[debug] [2026-10-05T12:27:08.134Z] >>> [apiv2][query] POST https://upload-firebasehosting.googleapis.com/upload/sites/hst-enterprises/versions/d413c73954d683cf/files/b85f2be6662eb3c8f15afbe35f464b96c0debce658965de2211b5249b669e816 [none]
[debug] [2026-10-05T12:27:08.134Z] >>> [apiv2][body] POST https://upload-firebasehosting.googleapis.com/upload/sites/hst-enterprises/versions/d413c73954d683cf/files/b85f2be6662eb3c8f15afbe35f464b96c0debce658965de2211b5249b669e816 [stream]
[debug] [2026-10-05T12:27:08.137Z] >>> [apiv2][query] POST https://upload-firebasehosting.googleapis.com/upload/sites/hst-enterprises/versions/d413c73954d683cf/files/6a3c20dd6500061253715032fe644bf29217a32ce8a15eb4a597c7308d16d24c [none]
[debug] [2026-10-05T12:27:08.137Z] >>> [apiv2][body] POST https://upload-firebasehosting.googleapis.com/upload/sites/hst-enterprises/versions/d413c73954d683cf/files/6a3c20dd6500061253715032fe644bf29217a32ce8a15eb4a597c7308d16d24c [stream]
[debug] [2026-10-05T12:27:08.139Z] >>> [apiv2][query] POST https://upload-firebasehosting.googleapis.com/upload/sites/hst-enterprises/versions/d413c73954d683cf/files/455d0f84f920dc77eca09e6f1651287e4797b0758fe1b5dcc7e553e27859a0ca [none]
[debug] [2026-10-05T12:27:08.139Z] >>> [apiv2][body] POST https://upload-firebasehosting.googleapis.com/upload/sites/hst-enterprises/versions/d413c73954d683cf/files/455d0f84f920dc77eca09e6f1651287e4797b0758fe1b5dcc7e553e27859a0ca [stream]
[debug] [2026-10-05T12:27:08.146Z] [hosting][populate queue][FINAL] {"max":1371,"min":1371,"avg":1371,"active":0,"complete":1,"success":1,"errored":0,"retried":0,"total":1,"elapsed":1383}
[debug] [2026-10-05T12:27:08.146Z] [hosting] uploads queued: 3
[info] i  hosting: uploading new files [0/3] (0%) 
[info] i  hosting: uploading new files [0/3] (0%) 
[debug] [2026-10-05T12:27:10.784Z] <<< [apiv2][status] POST https://upload-firebasehosting.googleapis.com/upload/sites/hst-enterprises/versions/d413c73954d683cf/files/455d0f84f920dc77eca09e6f1651287e4797b0758fe1b5dcc7e553e27859a0ca 200
[debug] [2026-10-05T12:27:10.784Z] <<< [apiv2][body] POST https://upload-firebasehosting.googleapis.com/upload/sites/hst-enterprises/versions/d413c73954d683cf/files/455d0f84f920dc77eca09e6f1651287e4797b0758fe1b5dcc7e553e27859a0ca [stream]
[debug] [2026-10-05T12:27:11.253Z] <<< [apiv2][status] POST https://upload-firebasehosting.googleapis.com/upload/sites/hst-enterprises/versions/d413c73954d683cf/files/b85f2be6662eb3c8f15afbe35f464b96c0debce658965de2211b5249b669e816 200
[debug] [2026-10-05T12:27:11.254Z] <<< [apiv2][body] POST https://upload-firebasehosting.googleapis.com/upload/sites/hst-enterprises/versions/d413c73954d683cf/files/b85f2be6662eb3c8f15afbe35f464b96c0debce658965de2211b5249b669e816 [stream]
[debug] [2026-10-05T12:27:11.330Z] <<< [apiv2][status] POST https://upload-firebasehosting.googleapis.com/upload/sites/hst-enterprises/versions/d413c73954d683cf/files/6a3c20dd6500061253715032fe644bf29217a32ce8a15eb4a597c7308d16d24c 200
[debug] [2026-10-05T12:27:11.330Z] <<< [apiv2][body] POST https://upload-firebasehosting.googleapis.com/upload/sites/hst-enterprises/versions/d413c73954d683cf/files/6a3c20dd6500061253715032fe644bf29217a32ce8a15eb4a597c7308d16d24c [stream]
[debug] [2026-10-05T12:27:11.331Z] [hosting][upload queue][FINAL] {"max":3198,"min":2651,"avg":2991,"active":0,"complete":3,"success":3,"errored":0,"retried":0,"total":3,"elapsed":3201}
[info] i  hosting: upload complete 
[info] +  hosting[hst-enterprises]: file upload complete 
[debug] [2026-10-05T12:27:11.332Z] [hosting] deploy completed after 4935ms
[debug] [2026-10-05T12:27:11.332Z] [
  {
    "config": {
      "public": "dist",
      "ignore": [
        "firebase.json",
        "**/.*",
        "**/node_modules/**"
      ],
      "rewrites": [
        {
          "source": "**",
          "destination": "/index.html"
        }
      ],
      "site": "hst-enterprises"
    },
    "version": "projects/12818053978/sites/hst-enterprises/versions/d413c73954d683cf"
  }
]
[info] i  hosting[hst-enterprises]: finalizing version... 
[debug] [2026-10-05T12:27:11.337Z] Checked if tokens are valid: true, expires at: 1791206149645
[debug] [2026-10-05T12:27:11.338Z] Checked if tokens are valid: true, expires at: 1791206149645
[debug] [2026-10-05T12:27:11.345Z] >>> [apiv2][query] PATCH https://firebasehosting.googleapis.com/v1beta1/projects/-/sites/hst-enterprises/versions/d413c73954d683cf updateMask=status%2Cconfig
[debug] [2026-10-05T12:27:11.345Z] >>> [apiv2][body] PATCH https://firebasehosting.googleapis.com/v1beta1/projects/-/sites/hst-enterprises/versions/d413c73954d683cf {"status":"FINALIZED","config":{"rewrites":[{"glob":"**","path":"/index.html"}]}}
[debug] [2026-10-05T12:27:13.167Z] <<< [apiv2][status] PATCH https://firebasehosting.googleapis.com/v1beta1/projects/-/sites/hst-enterprises/versions/d413c73954d683cf 200
[debug] [2026-10-05T12:27:13.167Z] <<< [apiv2][body] PATCH https://firebasehosting.googleapis.com/v1beta1/projects/-/sites/hst-enterprises/versions/d413c73954d683cf {"name":"projects/12818053978/sites/hst-enterprises/versions/d413c73954d683cf","status":"FINALIZED","config":{"rewrites":[{"glob":"**","path":"/index.html"}]},"labels":{"deployment-tool":"cli-firebase"},"createTime":"2026-10-05T12:27:04.029841Z","createUser":{"email":"hstenterprisespk@gmail.com"},"finalizeTime":"2026-10-05T12:27:12.270173Z","finalizeUser":{"email":"hstenterprisespk@gmail.com"}}
[debug] [2026-10-05T12:27:13.168Z] [hosting] finalized version for hst-enterprises:[object Object]
[info] +  hosting[hst-enterprises]: version finalized 
[info] i  hosting[hst-enterprises]: releasing new version... 
[debug] [2026-10-05T12:27:13.169Z] Checked if tokens are valid: true, expires at: 1791206149645
[debug] [2026-10-05T12:27:13.169Z] Checked if tokens are valid: true, expires at: 1791206149645
[debug] [2026-10-05T12:27:13.169Z] >>> [apiv2][query] POST https://firebasehosting.googleapis.com/v1beta1/projects/-/sites/hst-enterprises/channels/live/releases versionName=projects%2F12818053978%2Fsites%2Fhst-enterprises%2Fversions%2Fd413c73954d683cf
[debug] [2026-10-05T12:27:13.169Z] >>> [apiv2][body] POST https://firebasehosting.googleapis.com/v1beta1/projects/-/sites/hst-enterprises/channels/live/releases {}
[debug] [2026-10-05T12:27:14.723Z] <<< [apiv2][status] POST https://firebasehosting.googleapis.com/v1beta1/projects/-/sites/hst-enterprises/channels/live/releases 200
[debug] [2026-10-05T12:27:14.724Z] <<< [apiv2][body] POST https://firebasehosting.googleapis.com/v1beta1/projects/-/sites/hst-enterprises/channels/live/releases {"name":"projects/12818053978/sites/hst-enterprises/channels/live/releases/1791203232846000","version":{"name":"projects/12818053978/sites/hst-enterprises/versions/d413c73954d683cf","status":"FINALIZED","config":{"rewrites":[{"glob":"**","path":"/index.html"}]},"labels":{"deployment-tool":"cli-firebase"},"createTime":"2026-10-05T12:27:04.029841Z","createUser":{"email":"hstenterprisespk@gmail.com","imageUrl":"https://lh3.googleusercontent.com/a/ACg8ocK0ZQmo4BGkZOJY15G1klG7IPmSrzwEi7ohFAd-ldgeb0C_E84"},"finalizeTime":"2026-10-05T12:27:12.270173Z","finalizeUser":{"email":"hstenterprisespk@gmail.com","imageUrl":"https://lh3.googleusercontent.com/a/ACg8ocK0ZQmo4BGkZOJY15G1klG7IPmSrzwEi7ohFAd-ldgeb0C_E84"}},"type":"DEPLOY","releaseTime":"2026-10-05T12:27:12.846Z","releaseUser":{"email":"hstenterprisespk@gmail.com","imageUrl":"https://lh3.googleusercontent.com/a/ACg8ocK0ZQmo4BGkZOJY15G1klG7IPmSrzwEi7ohFAd-ldgeb0C_E84"}}
[debug] [2026-10-05T12:27:14.725Z] [hosting] release: {"name":"projects/12818053978/sites/hst-enterprises/channels/live/releases/1791203232846000","version":{"name":"projects/12818053978/sites/hst-enterprises/versions/d413c73954d683cf","status":"FINALIZED","config":{"rewrites":[{"glob":"**","path":"/index.html"}]},"labels":{"deployment-tool":"cli-firebase"},"createTime":"2026-10-05T12:27:04.029841Z","createUser":{"email":"hstenterprisespk@gmail.com","imageUrl":"https://lh3.googleusercontent.com/a/ACg8ocK0ZQmo4BGkZOJY15G1klG7IPmSrzwEi7ohFAd-ldgeb0C_E84"},"finalizeTime":"2026-10-05T12:27:12.270173Z","finalizeUser":{"email":"hstenterprisespk@gmail.com","imageUrl":"https://lh3.googleusercontent.com/a/ACg8ocK0ZQmo4BGkZOJY15G1klG7IPmSrzwEi7ohFAd-ldgeb0C_E84"}},"type":"DEPLOY","releaseTime":"2026-10-05T12:27:12.846Z","releaseUser":{"email":"hstenterprisespk@gmail.com","imageUrl":"https://lh3.googleusercontent.com/a/ACg8ocK0ZQmo4BGkZOJY15G1klG7IPmSrzwEi7ohFAd-ldgeb0C_E84"}}
[info] +  hosting[hst-enterprises]: release complete 
[info] 
[info] +  Deploy complete! 
[info] 
[info] Project Console: https://console.firebase.google.com/project/hst-enterprises/overview
[info] Hosting URL: https://hst-enterprises.web.app
